// Jest Snapshot v1, https://goo.gl/fbAQLP

exports[`renders correctly normal 1`] = `
<View
  style={
    Object {
      "alignItems": "flex-start",
      "flex": 1,
      "flexDirection": "row",
      "justifyContent": "space-between",
      "padding": 10,
    }
  }
>
  <Text
    accessible={true}
    allowFontScaling={true}
    ellipsizeMode="tail"
    style={
      Object {
        "color": "#4B0082",
        "fontSize": 40,
        "marginRight": 10,
        "textAlign": "center",
      }
    }
  >
    -
  </Text>
  <Text
    accessible={true}
    allowFontScaling={true}
    ellipsizeMode="tail"
    style={
      Object {
        "color": "#4B0082",
        "fontSize": 20,
        "marginRight": 10,
      }
    }
  >
    No question input given
  </Text>
</View>
`;
